
Start time 2021-03-17 09:35:57.852176
Sub-process(es) done.
End time 2021-03-17 09:54:49.387409
Cost time 0:18:51.535233

Start time 2021-03-17 10:25:33.754027
Sub-process(es) done.
End time 2021-03-17 11:21:42.627260
Cost time 0:56:08.873233

Start time 2021-03-17 11:25:54.315887
Sub-process(es) done.
End time 2021-03-17 12:03:41.966642
Cost time 0:37:47.650755
